// Jest Snapshot v1, https://goo.gl/fbAQLP

exports[`renders homepage unchanged 1`] = `
<div>
  <div
    class="container"
  >
    <main>
      <h1
        class="title"
      >
        I'm gonna leave this here just to show remember routing
      </h1>
    </main>
  </div>
</div>
`;
